// Jest Snapshot v1, https://goo.gl/fbAQLP

exports[`renders a single pizza correctly 1`] = `
<div>
  <h2>
    Get one of our freshly made pizzas
  </h2>
  <div
    className="MuiPaper-root MuiCard-root pizza-item MuiPaper-elevation1 MuiPaper-rounded"
  >
    <div
      className="pizza-item--content"
    >
      <div>
        <h3>
          Test Pizza
        </h3>
        <span
          className="pizza-item--incredients"
        >
          ing1, ing2 and ing3
        </span>
      </div>
      <div
        className="pizza-item--actions"
      >
        <button
          className="MuiButtonBase-root MuiButton-root MuiButton-outlined MuiButton-outlinedPrimary"
          disabled={false}
          onBlur={[Function]}
          onClick={[Function]}
          onDragLeave={[Function]}
          onFocus={[Function]}
          onKeyDown={[Function]}
          onKeyUp={[Function]}
          onMouseDown={[Function]}
          onMouseLeave={[Function]}
          onMouseUp={[Function]}
          onTouchEnd={[Function]}
          onTouchMove={[Function]}
          onTouchStart={[Function]}
          tabIndex={0}
          type="button"
        >
          <span
            className="MuiButton-label"
          >
            Order a 
            Test Pizza
          </span>
          <span
            className="MuiTouchRipple-root"
          />
        </button>
        <div
          className="pizza-item--price"
        >
          $ 
          100.00
        </div>
      </div>
    </div>
    <img
      alt="tasty Test Pizza"
      src="/assets/pizzas/undefined"
    />
  </div>
</div>
`;

exports[`renders correctly when there are no pizzas 1`] = `
<div>
  <h2>
    Get one of our freshly made pizzas
  </h2>
</div>
`;
